[1;34mINFO  [0;39mDiffblue Cover 2026.01.01-SNAPSHOT-f2f2d79-local
[1;34mINFO  [0;39m
[1;34mINFO  [0;39mCommand: issues
[1;34mINFO  [0;39mOutput a prioritized list of issues.
[1;34mINFO  [0;39m
[1;34mINFO  [0;39mSelected modules:
[1;34mINFO  [0;39m- com.google.code.gson:gson-metrics
[1;34mINFO  [0;39m
[1;34mINFO  [0;39m
[1;34mINFO  [0;39m[1/1] Diagnosing issues for module: com.google.code.gson:gson-metrics
[1;34mINFO  [0;39m=====================================================================
[1;34mINFO  [0;39m
[1;34mINFO  [0;39mDetected Java version 11.0.29
[1;34mINFO  [0;39mSelected build system: Maven
[1;34mINFO  [0;39mSelected classpath from build system maven
[1;34mINFO  [0;39mReading report file '/Users/john/Diffblue/gson/metrics/.diffblue/reports/report.json'
[1;34mINFO  [0;39mCopied report file to '/Users/john/Diffblue/gson/metrics/.diffblue/reports/report-20260121T135659.json'
[1;34mINFO  [0;39m
[1;34mINFO  [0;39m[1mR013: No inputs found that don't throw a trivial exception[m
      
[1;34mINFO  [0;39m[1mTo resolve the issue, use the following prompt with your AI assistant:[m
      
      We are unit testing `com.google.gson.metrics.BagOfPrimitivesDeserializationBenchmark.timeBagOfPrimitivesReflectionStreaming:(I)V`.
      
      Create a parameterless factory method for the problematic
      parameter/this object, determining which by reading the error message below.
      The new factory method should be in the test classpath, not production.
      Create a new factory class if there isn't already one for the class under test.
      Do not create a test yourself, only a factory (don't test the factory either).
      The factory method must be annotated with 
      `@com.diffblue.cover.annotations.InterestingTestFactory`.
      Avoid using mocks, these tend to produce unused stubbing errors or a
      `java.lang.NullPointerException`.
      If your environment has internet access then further documentation on
      factory methods for Cover can be found here:
      https://docs.diffblue.com/features/tutorials/increase-code-coverage#test-factory-pattern
      
      The factory should produce a parameter/this object such that
      the following exception does not occur:
      
      ```
      java.lang.NullPointerException
        at java.io.StringReader.<init>(StringReader.java:50)
        at com.google.gson.metrics.BagOfPrimitivesDeserializationBenchmark.timeBagOfPrimitivesReflectionStreaming(BagOfPrimitivesDeserializationBenchmark.java:96)
      ```
      
      Recompile the project to make sure the new factory / annotation / getter / etc
      is available to Cover.
      For example run `mvn install -DskipTests` or `gradle install -x test`.
      
[1;34mINFO  [0;39m
[1;34mINFO  [0;39m[1mR013: No inputs found that don't throw a trivial exception[m
      
[1;34mINFO  [0;39m[1mTo resolve the issue, use the following prompt with your AI assistant:[m
      
      We are unit testing `com.google.gson.metrics.BagOfPrimitivesDeserializationBenchmark.timeBagOfPrimitivesStreaming:(I)V`.
      
      Create a parameterless factory method for the problematic
      parameter/this object, determining which by reading the error message below.
      The new factory method should be in the test classpath, not production.
      Create a new factory class if there isn't already one for the class under test.
      Do not create a test yourself, only a factory (don't test the factory either).
      The factory method must be annotated with 
      `@com.diffblue.cover.annotations.InterestingTestFactory`.
      Avoid using mocks, these tend to produce unused stubbing errors or a
      `java.lang.NullPointerException`.
      If your environment has internet access then further documentation on
      factory methods for Cover can be found here:
      https://docs.diffblue.com/features/tutorials/increase-code-coverage#test-factory-pattern
      
      The factory should produce a parameter/this object such that
      the following exception does not occur:
      
      ```
      java.lang.NullPointerException
        at java.io.StringReader.<init>(StringReader.java:50)
        at com.google.gson.metrics.BagOfPrimitivesDeserializationBenchmark.timeBagOfPrimitivesStreaming(BagOfPrimitivesDeserializationBenchmark.java:58)
      ```
      
      Recompile the project to make sure the new factory / annotation / getter / etc
      is available to Cover.
      For example run `mvn install -DskipTests` or `gradle install -x test`.
      
[1;34mINFO  [0;39m
[1;34mINFO  [0;39m[1mR013: No inputs found that don't throw a trivial exception[m
      
[1;34mINFO  [0;39m[1mTo resolve the issue, use the following prompt with your AI assistant:[m
      
      We are unit testing `com.google.gson.metrics.CollectionsDeserializationBenchmark.timeCollectionsReflectionStreaming:(I)V`.
      
      Create a parameterless factory method for the problematic
      parameter/this object, determining which by reading the error message below.
      The new factory method should be in the test classpath, not production.
      Create a new factory class if there isn't already one for the class under test.
      Do not create a test yourself, only a factory (don't test the factory either).
      The factory method must be annotated with 
      `@com.diffblue.cover.annotations.InterestingTestFactory`.
      Avoid using mocks, these tend to produce unused stubbing errors or a
      `java.lang.NullPointerException`.
      If your environment has internet access then further documentation on
      factory methods for Cover can be found here:
      https://docs.diffblue.com/features/tutorials/increase-code-coverage#test-factory-pattern
      
      The factory should produce a parameter/this object such that
      the following exception does not occur:
      
      ```
      java.lang.NullPointerException
        at java.io.StringReader.<init>(StringReader.java:50)
        at com.google.gson.metrics.CollectionsDeserializationBenchmark.timeCollectionsReflectionStreaming(CollectionsDeserializationBenchmark.java:111)
      ```
      
      Recompile the project to make sure the new factory / annotation / getter / etc
      is available to Cover.
      For example run `mvn install -DskipTests` or `gradle install -x test`.
      
[1;34mINFO  [0;39m
[1;34mINFO  [0;39m[1mR013: No inputs found that don't throw a trivial exception[m
      
[1;34mINFO  [0;39m[1mTo resolve the issue, use the following prompt with your AI assistant:[m
      
      We are unit testing `com.google.gson.metrics.CollectionsDeserializationBenchmark.timeCollectionsStreaming:(I)V`.
      
      Create a parameterless factory method for the problematic
      parameter/this object, determining which by reading the error message below.
      The new factory method should be in the test classpath, not production.
      Create a new factory class if there isn't already one for the class under test.
      Do not create a test yourself, only a factory (don't test the factory either).
      The factory method must be annotated with 
      `@com.diffblue.cover.annotations.InterestingTestFactory`.
      Avoid using mocks, these tend to produce unused stubbing errors or a
      `java.lang.NullPointerException`.
      If your environment has internet access then further documentation on
      factory methods for Cover can be found here:
      https://docs.diffblue.com/features/tutorials/increase-code-coverage#test-factory-pattern
      
      The factory should produce a parameter/this object such that
      the following exception does not occur:
      
      ```
      java.lang.NullPointerException
        at java.io.StringReader.<init>(StringReader.java:50)
        at com.google.gson.metrics.CollectionsDeserializationBenchmark.timeCollectionsStreaming(CollectionsDeserializationBenchmark.java:67)
      ```
      
      Recompile the project to make sure the new factory / annotation / getter / etc
      is available to Cover.
      For example run `mvn install -DskipTests` or `gradle install -x test`.
      
[1;34mINFO  [0;39m
[1;34mINFO  [0;39m[1mR013: No inputs found that don't throw a trivial exception[m
      
[1;34mINFO  [0;39m[1mTo resolve the issue, use the following prompt with your AI assistant:[m
      
      We are unit testing `com.google.gson.metrics.ParseBenchmark.setUp:()V`.
      
      Create a parameterless factory method for the problematic
      parameter/this object, determining which by reading the error message below.
      The new factory method should be in the test classpath, not production.
      Create a new factory class if there isn't already one for the class under test.
      Do not create a test yourself, only a factory (don't test the factory either).
      The factory method must be annotated with 
      `@com.diffblue.cover.annotations.InterestingTestFactory`.
      Avoid using mocks, these tend to produce unused stubbing errors or a
      `java.lang.NullPointerException`.
      If your environment has internet access then further documentation on
      factory methods for Cover can be found here:
      https://docs.diffblue.com/features/tutorials/increase-code-coverage#test-factory-pattern
      
      The factory should produce a parameter/this object such that
      the following exception does not occur:
      
      ```
      java.lang.NullPointerException
        at com.google.gson.metrics.ParseBenchmark.setUp(ParseBenchmark.java:125)
      ```
      
      Recompile the project to make sure the new factory / annotation / getter / etc
      is available to Cover.
      For example run `mvn install -DskipTests` or `gradle install -x test`.
      
[1;34mINFO  [0;39m
[1;34mINFO  [0;39m[1mR013: No inputs found that don't throw a trivial exception[m
      
[1;34mINFO  [0;39m[1mTo resolve the issue, use the following prompt with your AI assistant:[m
      
      We are unit testing `com.google.gson.metrics.ParseBenchmark.timeParse:(I)V`.
      
      Create a parameterless factory method for the problematic
      parameter/this object, determining which by reading the error message below.
      The new factory method should be in the test classpath, not production.
      Create a new factory class if there isn't already one for the class under test.
      Do not create a test yourself, only a factory (don't test the factory either).
      The factory method must be annotated with 
      `@com.diffblue.cover.annotations.InterestingTestFactory`.
      Avoid using mocks, these tend to produce unused stubbing errors or a
      `java.lang.NullPointerException`.
      If your environment has internet access then further documentation on
      factory methods for Cover can be found here:
      https://docs.diffblue.com/features/tutorials/increase-code-coverage#test-factory-pattern
      
      The factory should produce a parameter/this object such that
      the following exception does not occur:
      
      ```
      java.lang.NullPointerException
        at com.google.gson.metrics.ParseBenchmark.timeParse(ParseBenchmark.java:131)
      ```
      
      Recompile the project to make sure the new factory / annotation / getter / etc
      is available to Cover.
      For example run `mvn install -DskipTests` or `gradle install -x test`.
      
[1;34mINFO  [0;39m
[1;34mINFO  [0;39m[1mR013: No inputs found that don't throw a trivial exception[m
      
[1;34mINFO  [0;39m[1mTo resolve the issue, use the following prompt with your AI assistant:[m
      
      We are unit testing `com.google.gson.metrics.ParseBenchmark$Feed.toString:()Ljava/lang/String;`.
      
      Create a parameterless factory method for the problematic
      parameter/this object, determining which by reading the error message below.
      The new factory method should be in the test classpath, not production.
      Create a new factory class if there isn't already one for the class under test.
      Do not create a test yourself, only a factory (don't test the factory either).
      The factory method must be annotated with 
      `@com.diffblue.cover.annotations.InterestingTestFactory`.
      Avoid using mocks, these tend to produce unused stubbing errors or a
      `java.lang.NullPointerException`.
      If your environment has internet access then further documentation on
      factory methods for Cover can be found here:
      https://docs.diffblue.com/features/tutorials/increase-code-coverage#test-factory-pattern
      
      The factory should produce a parameter/this object such that
      the following exception does not occur:
      
      ```
      java.lang.NullPointerException
        at com.google.gson.metrics.ParseBenchmark$Feed.toString(ParseBenchmark.java:400)
      ```
      
      Recompile the project to make sure the new factory / annotation / getter / etc
      is available to Cover.
      For example run `mvn install -DskipTests` or `gradle install -x test`.
      
[1;34mINFO  [0;39m
[1;34mINFO  [0;39m7 issues were found and displayed
[1;34mINFO  [0;39mRerun without --prompts to summarise all the issues
[1;34mINFO  [0;39m
[1;34mINFO  [0;39mLog file: /Users/john/Diffblue/gson/.diffblue/log/user-20260121T135917.log
[1;34mINFO  [0;39mFinished in 3s
