[1;34mINFO  [0;39mDiffblue Cover 2026.01.01-SNAPSHOT-f2f2d79-local
[1;34mINFO  [0;39m
[1;34mINFO  [0;39mCommand: issues
[1;34mINFO  [0;39mOutput a prioritized list of issues.
[1;34mINFO  [0;39m
[1;34mINFO  [0;39mSelected modules:
[1;34mINFO  [0;39m- com.google.code.gson:gson-extras
[1;34mINFO  [0;39m
[1;34mINFO  [0;39m
[1;34mINFO  [0;39m[1/1] Diagnosing issues for module: com.google.code.gson:gson-extras
[1;34mINFO  [0;39m====================================================================
[1;34mINFO  [0;39m
[1;34mINFO  [0;39mDetected Java version 11.0.29
[1;34mINFO  [0;39mSelected build system: Maven
[1;34mINFO  [0;39mSelected classpath from build system maven
[1;34mINFO  [0;39mReading report file '/Users/john/Diffblue/gson/extras/.diffblue/reports/report.json'
[1;34mINFO  [0;39mCopied report file to '/Users/john/Diffblue/gson/extras/.diffblue/reports/report-20260121T133548.json'
[1;34mINFO  [0;39m
[1;34mINFO  [0;39m[1mR013: No inputs found that don't throw a trivial exception[m
      
[1;34mINFO  [0;39m[1mTo resolve the issue, use the following prompt with your AI assistant:[m
      
      We are unit testing `com.google.gson.interceptors.InterceptorFactory$InterceptorAdapter.read:(Lcom/google/gson/stream/JsonReader;)Ljava/lang/Object;`.
      
      Create a parameterless factory method for the problematic
      parameter/this object, determining which by reading the error message below.
      The new factory method should be in the test classpath, not production.
      Create a new factory class if there isn't already one for the class under test.
      Do not create a test yourself, only a factory (don't test the factory either).
      The factory method must be annotated with 
      `@com.diffblue.cover.annotations.InterestingTestFactory`.
      Avoid using mocks, these tend to produce unused stubbing errors or a
      `java.lang.NullPointerException`.
      If your environment has internet access then further documentation on
      factory methods for Cover can be found here:
      https://docs.diffblue.com/features/tutorials/increase-code-coverage#test-factory-pattern
      
      The factory should produce a parameter/this object such that
      the following exception does not occur:
      
      ```
      java.lang.RuntimeException: java.lang.NullPointerException
        at com.google.gson.interceptors.InterceptorFactory$InterceptorAdapter.<init>(InterceptorFactory.java:50)
      java.lang.NullPointerException
        at com.google.gson.interceptors.InterceptorFactory$InterceptorAdapter.<init>(InterceptorFactory.java:48)
      ```
      
      Recompile the project to make sure the new factory / annotation / getter / etc
      is available to Cover.
      For example run `mvn install -DskipTests` or `gradle install -x test`.
      
[1;34mINFO  [0;39m
[1;34mINFO  [0;39m[1mR013: No inputs found that don't throw a trivial exception[m
      
[1;34mINFO  [0;39m[1mTo resolve the issue, use the following prompt with your AI assistant:[m
      
      We are unit testing `com.google.gson.graph.GraphAdapterBuilder$Graph.nextName:()Ljava/lang/String;`.
      
      Create a parameterless factory method for the problematic
      parameter/this object, determining which by reading the error message below.
      The new factory method should be in the test classpath, not production.
      Create a new factory class if there isn't already one for the class under test.
      Do not create a test yourself, only a factory (don't test the factory either).
      The factory method must be annotated with 
      `@com.diffblue.cover.annotations.InterestingTestFactory`.
      Avoid using mocks, these tend to produce unused stubbing errors or a
      `java.lang.NullPointerException`.
      If your environment has internet access then further documentation on
      factory methods for Cover can be found here:
      https://docs.diffblue.com/features/tutorials/increase-code-coverage#test-factory-pattern
      
      The factory should produce a parameter/this object such that
      the following exception does not occur:
      
      ```
      java.lang.NullPointerException
        at com.google.gson.graph.GraphAdapterBuilder$Graph.nextName(GraphAdapterBuilder.java:335)
      ```
      
      Recompile the project to make sure the new factory / annotation / getter / etc
      is available to Cover.
      For example run `mvn install -DskipTests` or `gradle install -x test`.
      
[1;34mINFO  [0;39m
[1;34mINFO  [0;39m[1mR013: No inputs found that don't throw a trivial exception[m
      
[1;34mINFO  [0;39m[1mTo resolve the issue, use the following prompt with your AI assistant:[m
      
      We are unit testing `com.google.gson.typeadapters.RuntimeTypeAdapterFactory.of:(Ljava/lang/Class;)Lcom/google/gson/typeadapters/RuntimeTypeAdapterFactory;`.
      
      Create a parameterless factory method for the problematic
      parameter/this object, determining which by reading the error message below.
      The new factory method should be in the test classpath, not production.
      Create a new factory class if there isn't already one for the class under test.
      Do not create a test yourself, only a factory (don't test the factory either).
      The factory method must be annotated with 
      `@com.diffblue.cover.annotations.InterestingTestFactory`.
      Avoid using mocks, these tend to produce unused stubbing errors or a
      `java.lang.NullPointerException`.
      If your environment has internet access then further documentation on
      factory methods for Cover can be found here:
      https://docs.diffblue.com/features/tutorials/increase-code-coverage#test-factory-pattern
      
      The factory should produce a parameter/this object such that
      the following exception does not occur:
      
      ```
      java.lang.NullPointerException
        at com.google.gson.typeadapters.RuntimeTypeAdapterFactory.<init>(RuntimeTypeAdapterFactory.java:168)
        at com.google.gson.typeadapters.RuntimeTypeAdapterFactory.of(RuntimeTypeAdapterFactory.java:199)
      ```
      
      Recompile the project to make sure the new factory / annotation / getter / etc
      is available to Cover.
      For example run `mvn install -DskipTests` or `gradle install -x test`.
      
[1;34mINFO  [0;39m
[1;34mINFO  [0;39m[1mR013: No inputs found that don't throw a trivial exception[m
      
[1;34mINFO  [0;39m[1mTo resolve the issue, use the following prompt with your AI assistant:[m
      
      We are unit testing `com.google.gson.typeadapters.RuntimeTypeAdapterFactory.of:(Ljava/lang/Class;Ljava/lang/String;)Lcom/google/gson/typeadapters/RuntimeTypeAdapterFactory;`.
      
      Create a parameterless factory method for the problematic
      parameter/this object, determining which by reading the error message below.
      The new factory method should be in the test classpath, not production.
      Create a new factory class if there isn't already one for the class under test.
      Do not create a test yourself, only a factory (don't test the factory either).
      The factory method must be annotated with 
      `@com.diffblue.cover.annotations.InterestingTestFactory`.
      Avoid using mocks, these tend to produce unused stubbing errors or a
      `java.lang.NullPointerException`.
      If your environment has internet access then further documentation on
      factory methods for Cover can be found here:
      https://docs.diffblue.com/features/tutorials/increase-code-coverage#test-factory-pattern
      
      The factory should produce a parameter/this object such that
      the following exception does not occur:
      
      ```
      java.lang.NullPointerException
        at com.google.gson.typeadapters.RuntimeTypeAdapterFactory.<init>(RuntimeTypeAdapterFactory.java:168)
        at com.google.gson.typeadapters.RuntimeTypeAdapterFactory.of(RuntimeTypeAdapterFactory.java:191)
      ```
      
      Recompile the project to make sure the new factory / annotation / getter / etc
      is available to Cover.
      For example run `mvn install -DskipTests` or `gradle install -x test`.
      
[1;34mINFO  [0;39m
[1;34mINFO  [0;39m[1mR013: No inputs found that don't throw a trivial exception[m
      
[1;34mINFO  [0;39m[1mTo resolve the issue, use the following prompt with your AI assistant:[m
      
      We are unit testing `com.google.gson.typeadapters.RuntimeTypeAdapterFactory.of:(Ljava/lang/Class;Ljava/lang/String;Z)Lcom/google/gson/typeadapters/RuntimeTypeAdapterFactory;`.
      
      Create a parameterless factory method for the problematic
      parameter/this object, determining which by reading the error message below.
      The new factory method should be in the test classpath, not production.
      Create a new factory class if there isn't already one for the class under test.
      Do not create a test yourself, only a factory (don't test the factory either).
      The factory method must be annotated with 
      `@com.diffblue.cover.annotations.InterestingTestFactory`.
      Avoid using mocks, these tend to produce unused stubbing errors or a
      `java.lang.NullPointerException`.
      If your environment has internet access then further documentation on
      factory methods for Cover can be found here:
      https://docs.diffblue.com/features/tutorials/increase-code-coverage#test-factory-pattern
      
      The factory should produce a parameter/this object such that
      the following exception does not occur:
      
      ```
      java.lang.NullPointerException
        at com.google.gson.typeadapters.RuntimeTypeAdapterFactory.<init>(RuntimeTypeAdapterFactory.java:168)
        at com.google.gson.typeadapters.RuntimeTypeAdapterFactory.of(RuntimeTypeAdapterFactory.java:183)
      ```
      
      Recompile the project to make sure the new factory / annotation / getter / etc
      is available to Cover.
      For example run `mvn install -DskipTests` or `gradle install -x test`.
      
[1;34mINFO  [0;39m
[1;34mINFO  [0;39m[1mR083: Can't find a suitable constructor[m
      
[1;34mINFO  [0;39m[1mTo resolve the issue, use the following prompt with your AI assistant:[m
      
      Fix the following issue preventing test creation for the following affected methods:
      com.google.gson.extras.examples.rawcollections.RawCollectionsExample$Event.toString:()Ljava/lang/String;
      
      Diffblue Cover was unable to construct an instance of RawCollectionsExample.Event.
      No suitable constructor or factory method found. Please check that the class
      under test has a non-private constructor or factory method.
      See https://diff.blue/R083 for further troubleshooting of this issue.
      
[1;34mINFO  [0;39m
[1;34mINFO  [0;39m[1mR002: Missing observers[m
      
[1;34mINFO  [0;39m[1mTo resolve the issue, use the following prompt with your AI assistant:[m
      
      Fix the following issue preventing test creation for the following affected methods:
      com.google.gson.typeadapters.UtcDateTypeAdapter.<init>:()V
      
      Diffblue Cover was unable to create an assertion.
      There are no fields that could be asserted on.
      
[1;34mINFO  [0;39m
[1;34mINFO  [0;39m[1mR002: Missing observers[m
      
[1;34mINFO  [0;39m[1mTo resolve the issue, use the following prompt with your AI assistant:[m
      
      Fix the following issue preventing test creation for the following affected methods:
      com.google.gson.typeadapters.PostConstructAdapterFactory.<init>:()V
      
      Diffblue Cover was unable to create an assertion.
      There are no fields that could be asserted on.
      
[1;34mINFO  [0;39m
[1;34mINFO  [0;39m[1mR002: Missing observers[m
      
[1;34mINFO  [0;39m[1mTo resolve the issue, use the following prompt with your AI assistant:[m
      
      Fix the following issue preventing test creation for the following affected methods:
      com.google.gson.interceptors.InterceptorFactory.<init>:()V
      
      Diffblue Cover was unable to create an assertion.
      There are no fields that could be asserted on.
      
[1;34mINFO  [0;39m
[1;34mINFO  [0;39m9 issues were found and displayed
[1;34mINFO  [0;39mRerun without --prompts to summarise all the issues
[1;34mINFO  [0;39m
[1;34mINFO  [0;39mLog file: /Users/john/Diffblue/gson/.diffblue/log/user-20260121T133744.log
[1;34mINFO  [0;39mFinished in 3s
